
> c9-next@0.1.0 build
> next build

Γû▓ Next.js 16.1.7 (Turbopack)

  Creating an optimized production build ...
Γ£ô Compiled successfully in 22.4s
  Running TypeScript ...
node.exe : Failed to compile.
At line:1 char:1
+ & "C:\Program Files\nodejs/node.exe" "C:\Program Files\nodejs/node_mo ...
+ ~~~~~~~~~~~~~~~~~~~~~~~~~~~~~~~~~~~~~~~~~~~~~~~~~~~~~~~~~~~~~~~~~~~~~
    + CategoryInfo          : NotSpecified: (Failed to compile.:String) [], RemoteException
    + FullyQualifiedErrorId : NativeCommandError
 

./src/app/telco/ai-voice/page.tsx:204:22
Type error: Cannot find name 'Button'. Did you mean 'C9Button'?

[0m [90m 202 |[39m               [33m<[39m[33mdiv[39m className[33m=[39m[32m"flex flex-col sm:flex-row gap-4 
items-start sm:items-center"[39m[33m>[39m
 [90m 203 |[39m                  [33m<[39m[33mLink[39m href[33m=[39m[32m"#consultation-section"[39m 
className[33m=[39m[32m"w-full sm:w-auto"[39m[33m>[39m
[31m[1m>[22m[39m[90m 204 |[39m                     [33m<[39m[33mButton[39m size[33m=[39m[32m"lg"[39m 
className[33m=[39m[32m"w-full bg-[#5D00D6] hover:bg-[#4d00b3] text-white px-8 h-14 text-[14px] font-bold 
rounded-full shadow-xl shadow-purple-900/20 transition-all hover:scale-[1.02]"[39m[33m>[39m
 [90m     |[39m                      [31m[1m^[22m[39m
 [90m 205 |[39m                       [33mReview[39m [33mMy[39m [33mAI[39m [33mVoice[39m [33mUse[39m 
[33mCases[39m
 [90m 206 |[39m                     [33m<[39m[33m/[39m[33mButton[39m[33m>[39m
 [90m 207 |[39m                  [33m<[39m[33m/[39m[33mLink[39m[33m>[39m[0m
Next.js build worker exited with code: 1 and signal: null
